src/lib/api/core/client.ts(372,31): error TS2339: Property 'errors' does not exist on type 'ZodError<unknown>'.
src/lib/api/core/client.ts(372,42): error TS7006: Parameter 'e' implicitly has an 'any' type.
src/lib/transforms/api-transforms.ts(24,18): error TS2339: Property 'errors' does not exist on type 'ZodError<unknown>'.
src/lib/transforms/api-transforms.ts(25,15): error TS7006: Parameter 'err' implicitly has an 'any' type.
src/lib/transforms/index.ts(19,5): error TS2305: Module '"./schemas"' has no exported member 'llmProviderSchema'.
src/lib/transforms/index.ts(20,5): error TS2724: '"./schemas"' has no exported member named 'generationConfigSchema'. Did you mean 'GenerationConfigSchema'?
src/lib/transforms/index.ts(21,10): error TS2305: Module '"./schemas"' has no exported member 'LLMProvider'.
src/lib/transforms/index.ts(22,10): error TS2305: Module '"./schemas"' has no exported member 'GenerationConfig'.
src/lib/transforms/index.ts(25,5): error TS2724: '"./schemas"' has no exported member named 'transformRequestSchema'. Did you mean 'TransformRequestSchema'?
src/lib/transforms/index.ts(26,5): error TS2724: '"./schemas"' has no exported member named 'executeRequestSchema'. Did you mean 'GenerateRequestSchema'?
src/lib/transforms/index.ts(27,5): error TS2724: '"./schemas"' has no exported member named 'generateRequestSchema'. Did you mean 'GenerateRequestSchema'?
src/lib/transforms/index.ts(29,10): error TS2305: Module '"./schemas"' has no exported member 'ExecuteRequest'.
src/lib/transforms/index.ts(33,5): error TS2724: '"./schemas"' has no exported member named 'jailbreakRequestSchema'. Did you mean 'JailbreakRequestSchema'?
src/lib/transforms/index.ts(34,5): error TS2305: Module '"./schemas"' has no exported member 'intentAwareRequestSchema'.
src/lib/transforms/index.ts(36,10): error TS2305: Module '"./schemas"' has no exported member 'IntentAwareRequest'.
src/lib/transforms/index.ts(39,5): error TS2305: Module '"./schemas"' has no exported member 'autoDanRequestSchema'.
src/lib/transforms/index.ts(40,5): error TS2305: Module '"./schemas"' has no exported member 'houYiRequestSchema'.
src/lib/transforms/index.ts(41,10): error TS2305: Module '"./schemas"' has no exported member 'AutoDanRequest'.
src/lib/transforms/index.ts(42,10): error TS2305: Module '"./schemas"' has no exported member 'HouYiRequest'.
src/lib/transforms/index.ts(45,5): error TS2305: Module '"./schemas"' has no exported member 'fuzzRequestSchema'.
src/lib/transforms/index.ts(46,10): error TS2305: Module '"./schemas"' has no exported member 'FuzzRequest'.
src/lib/transforms/index.ts(49,5): error TS2724: '"./schemas"' has no exported member named 'createSessionRequestSchema'. Did you mean 'CreateSessionRequestSchema'?
src/lib/transforms/index.ts(50,5): error TS2724: '"./schemas"' has no exported member named 'updateModelRequestSchema'. Did you mean 'UpdateModelRequestSchema'?
src/lib/transforms/index.ts(52,10): error TS2724: '"./schemas"' has no exported member named 'UpdateModelRequest'. Did you mean 'UpdateModelRequestSchema'?
src/lib/transforms/index.ts(55,5): error TS2305: Module '"./schemas"' has no exported member 'safeParse'.
src/lib/transforms/index.ts(56,5): error TS2305: Module '"./schemas"' has no exported member 'parseOrThrow'.
src/lib/transforms/index.ts(57,5): error TS2305: Module '"./schemas"' has no exported member 'getFieldErrors'.
src/lib/transforms/index.ts(66,10): error TS2724: '"./api-transforms"' has no exported member named 'NormalizedTransformResult'. Did you mean 'normalizeTransformResponse'?
src/lib/transforms/index.ts(67,10): error TS2305: Module '"./api-transforms"' has no exported member 'NormalizedExecuteResult'.
src/lib/transforms/index.ts(68,10): error TS2305: Module '"./api-transforms"' has no exported member 'NormalizedGenerateResult'.
src/lib/transforms/index.ts(69,10): error TS2305: Module '"./api-transforms"' has no exported member 'NormalizedProvider'.
src/lib/transforms/index.ts(72,5): error TS2305: Module '"./api-transforms"' has no exported member 'sanitizePrompt'.
src/lib/transforms/index.ts(73,5): error TS2305: Module '"./api-transforms"' has no exported member 'clamp'.
src/lib/transforms/index.ts(74,5): error TS2305: Module '"./api-transforms"' has no exported member 'normalizePotency'.
src/lib/transforms/index.ts(75,5): error TS2305: Module '"./api-transforms"' has no exported member 'normalizeTemperature'.
src/lib/transforms/index.ts(76,5): error TS2305: Module '"./api-transforms"' has no exported member 'normalizeMaxTokens'.
src/lib/transforms/index.ts(80,5): error TS2305: Module '"./api-transforms"' has no exported member 'normalizeExecuteResponse'.
src/lib/transforms/index.ts(81,5): error TS2305: Module '"./api-transforms"' has no exported member 'normalizeGenerateResponse'.
src/lib/transforms/index.ts(82,5): error TS2305: Module '"./api-transforms"' has no exported member 'normalizeJailbreakResponse'.
src/lib/transforms/index.ts(83,5): error TS2305: Module '"./api-transforms"' has no exported member 'normalizeIntentAwareResponse'.
src/lib/transforms/index.ts(84,5): error TS2305: Module '"./api-transforms"' has no exported member 'normalizeProvidersResponse'.
src/lib/transforms/index.ts(85,5): error TS2305: Module '"./api-transforms"' has no exported member 'normalizeProvider'.
src/lib/transforms/index.ts(88,5): error TS2305: Module '"./api-transforms"' has no exported member 'formatExecutionTime'.
src/lib/transforms/index.ts(89,5): error TS2305: Module '"./api-transforms"' has no exported member 'formatTokenCount'.
src/lib/transforms/index.ts(90,5): error TS2305: Module '"./api-transforms"' has no exported member 'truncateText'.
src/lib/transforms/index.ts(91,5): error TS2305: Module '"./api-transforms"' has no exported member 'formatPotencyLevel'.
