============================= test session starts =============================
platform win32 -- Python 3.13.3, pytest-8.4.2, pluggy-1.6.0 -- C:\Users\Mohamed Arafa\AppData\Local\Programs\Python\Python313\python.exe
cachedir: .pytest_cache
hypothesis profile 'default'
rootdir: C:\Users\Mohamed Arafa\claude  code\chimera\backend-api
configfile: pytest.ini
plugins: anyio-4.11.0, Faker-37.8.0, hypothesis-6.140.2, langsmith-0.4.41, libtmux-0.46.2, locust-2.42.5, asyncio-1.2.0, cov-7.0.0
asyncio: mode=Mode.AUTO, debug=False, asyncio_default_fixture_loop_scope=None, asyncio_default_test_loop_scope=function
collecting ... 
----------------------------- live log collection -----------------------------
08:53:59 [ WARNING] app.core.auth: JWT_SECRET not set - using generated key (not for production!)
08:53:59 [    INFO] app.core.auth: REDIS_URL not set - using in-memory token revocation (OK for development)
08:53:59 [    INFO] app.services.feature_flag_service: Loaded 8 technique configurations
08:53:59 [    INFO] app.services.tenant_service: Created default tenant
08:54:00 [    INFO] faiss.loader: Loading faiss with AVX512 support.
08:54:00 [    INFO] faiss.loader: Could not load library with AVX512 support due to:
ModuleNotFoundError("No module named 'faiss.swigfaiss_avx512'")
08:54:00 [    INFO] faiss.loader: Loading faiss with AVX2 support.
08:54:00 [    INFO] faiss.loader: Successfully loaded faiss with AVX2 support.
08:54:23 [    INFO] chimera: Loaded persisted connection mode: proxy
08:54:26 [    INFO] app.services.intent_aware_jailbreak_service: IntentAwareJailbreakService initializing, API key present: True
08:54:26 [ WARNING] google_genai._api_client: Both GOOGLE_API_KEY and GEMINI_API_KEY are set. Using GOOGLE_API_KEY.
08:54:27 [    INFO] app.services.intent_aware_jailbreak_service: Gemini client initialized successfully
08:54:28 [    INFO] chimera: SessionService initialized with master model list
